\BOOKMARK [0][-]{chapter*.1}{\376\377\000L\036\335\000i\000\040\000m\036\337\000\040\001\021\036\247\000u}{}% 1
\BOOKMARK [0][-]{chapter*.2}{\376\377\001\020\036\321\000i\000\040\000t\001\260\036\343\000n\000g\000\040\000v\000\340\000\040\000p\000h\001\260\001\241\000n\000g\000\040\000p\000h\000\341\000p\000\040\000n\000g\000h\000i\000\352\000n\000\040\000c\036\351\000u}{}% 2
\BOOKMARK [0][-]{chapter*.4}{\376\377\000D\000a\000n\000h\000\040\000m\036\345\000c\000\040\000v\000i\036\277\000t\000\040\000t\036\257\000t}{}% 3
\BOOKMARK [0][-]{chapter.1}{\376\377\000C\001\240\000\040\000S\036\336\000\040\000L\000\335\000\040\000T\000H\000U\000Y\036\276\000T}{}% 4
\BOOKMARK [1][-]{section.1.1}{\376\377\000B\000\340\000i\000\040\000t\000o\000\341\000n\000\040\000n\000g\000h\000i\000\352\000n\000\040\000c\036\351\000u}{chapter.1}% 5
\BOOKMARK [1][-]{section.1.2}{\376\377\000N\000g\036\253\000u\000\040\000n\000h\000i\000\352\000n\000,\000\040\001\021\036\323\000n\000g\000\040\001\021\036\301\000u\000\040\000v\000\340\000\040\001\021\036\331\000c\000\040\000l\036\255\000p}{chapter.1}% 6
\BOOKMARK [1][-]{section.1.3}{\376\377\000K\000i\036\303\000m\000\040\001\021\036\313\000n\000h\000\040\000C\000h\000i\000-\000s\000q\000u\000a\000r\000e\000,\000\040\000C\000r\000a\000m\000\351\000r\000'\000s\000\040\000V\000\040\000v\000\340\000\040\000h\000i\036\307\000u\000\040\000c\000h\036\311\000n\000h\000\040\001\021\000a\000\040\000k\000i\036\303\000m\000\040\001\021\036\313\000n\000h}{chapter.1}% 7
\BOOKMARK [1][-]{section.1.4}{\376\377\000X\000\355\000c\000h\000\040\000M\000a\000r\000k\000o\000v\000\040\000v\000\340\000\040\000p\000h\036\345\000\040\000t\000h\000u\036\331\000c\000\040\000t\000h\000e\000o\000\040\000t\000h\036\335\000i\000\040\000g\000i\000a\000n}{chapter.1}% 8
\BOOKMARK [2][-]{subsection.1.4.1}{\376\377\000T\000\355\000n\000h\000\040\000c\000h\036\245\000t\000\040\000M\000a\000r\000k\000o\000v}{section.1.4}% 9
\BOOKMARK [2][-]{subsection.1.4.2}{\376\377\000M\000a\000r\000k\000o\000v\000\040\000n\000h\036\313\000\040\000p\000h\000\342\000n\000\040\000c\000h\000o\000\040\000s\036\361\000\040\000x\000u\036\245\000t\000\040\000h\000i\036\307\000n\000\040\000c\036\347\000a\000\040\000c\000h\036\357\000\040\000s\036\321}{section.1.4}% 10
\BOOKMARK [1][-]{section.1.5}{\376\377\000C\000\341\000c\000\040\000m\000\364\000\040\000h\000\354\000n\000h\000\040\000x\000\341\000c\000\040\000s\000u\036\245\000t\000\040\000v\000\340\000\040\000t\036\247\000n\000\040\000s\000u\036\245\000t\000\040\000c\001\241\000\040\000s\036\337}{chapter.1}% 11
\BOOKMARK [2][-]{subsection.1.5.1}{\376\377\000M\000\364\000\040\000h\000\354\000n\000h\000\040\001\021\036\323\000n\000g\000\040\001\021\036\301\000u}{section.1.5}% 12
\BOOKMARK [2][-]{subsection.1.5.2}{\376\377\000T\036\247\000n\000\040\000s\000u\036\245\000t\000\040\000m\036\337\000\040\000r\036\331\000n\000g\000\040\000v\000\340\000\040\000c\036\355\000a\000\040\000s\036\325\000\040\000t\000r\001\260\036\343\000t}{section.1.5}% 13
\BOOKMARK [1][-]{section.1.6}{\376\377\000N\036\301\000n\000\040\000t\036\243\000n\000g\000\040\000h\036\315\000c\000\040\000m\000\341\000y\000\040\000c\000h\000o\000\040\000b\000\340\000i\000\040\000t\000o\000\341\000n\000\040\000d\036\361\000\040\000b\000\341\000o}{chapter.1}% 14
\BOOKMARK [2][-]{subsection.1.6.1}{\376\377\000H\036\315\000c\000\040\000c\000\363\000\040\000g\000i\000\341\000m\000\040\000s\000\341\000t\000\040\000v\000\340\000\040\001\021\036\267\000c\000\040\000t\000r\001\260\000n\000g\000\040\000t\000r\036\305}{section.1.6}% 15
\BOOKMARK [2][-]{subsection.1.6.2}{\376\377\000R\000a\000n\000d\000o\000m\000\040\000F\000o\000r\000e\000s\000t}{section.1.6}% 16
\BOOKMARK [2][-]{subsection.1.6.3}{\376\377\000G\000r\000a\000d\000i\000e\000n\000t\000\040\000B\000o\000o\000s\000t\000i\000n\000g}{section.1.6}% 17
\BOOKMARK [2][-]{subsection.1.6.4}{\376\377\000X\000G\000B\000o\000o\000s\000t}{section.1.6}% 18
\BOOKMARK [2][-]{subsection.1.6.5}{\376\377\000C\000a\000t\000B\000o\000o\000s\000t}{section.1.6}% 19
\BOOKMARK [1][-]{section.1.7}{\376\377\001\020\000\341\000n\000h\000\040\000g\000i\000\341\000\040\000d\036\361\000\040\000b\000\341\000o\000\040\000x\000\341\000c\000\040\000s\000u\036\245\000t}{chapter.1}% 20
\BOOKMARK [2][-]{subsection.1.7.1}{\376\377\000B\000r\000i\000e\000r\000\040\000s\000c\000o\000r\000e\000\040\000v\000\340\000\040\000l\000o\000g\000\040\000l\000o\000s\000s}{section.1.7}% 21
\BOOKMARK [2][-]{subsection.1.7.2}{\376\377\000C\000a\000l\000i\000b\000r\000a\000t\000i\000o\000n\000\040\000v\000\340\000\040\000T\000o\000p\000-\000k\000\040\000r\000e\000c\000a\000l\000l}{section.1.7}% 22
\BOOKMARK [1][-]{section.1.8}{\376\377\001\020\000\341\000n\000h\000\040\000g\000i\000\341\000\040\000c\000h\000i\036\277\000n\000\040\000l\001\260\036\343\000c\000\040\000v\000\340\000\040\000l\036\343\000i\000\040\000n\000h\000u\036\255\000n}{chapter.1}% 23
\BOOKMARK [0][-]{chapter.2}{\376\377\000D\036\356\000\040\000L\000I\036\306\000U\000\040\000V\000\300\000\040\000Q\000U\000Y\000\040\000T\000R\000\314\000N\000H\000\040\000P\000H\000\302\000N\000\040\000T\000\315\000C\000H}{}% 24
\BOOKMARK [1][-]{section.2.1}{\376\377\000D\036\357\000\040\000l\000i\036\307\000u}{chapter.2}% 25
\BOOKMARK [1][-]{section.2.2}{\376\377\000Q\000u\000y\000\040\000t\036\257\000c\000\040\000t\000r\036\243\000\040\000t\000h\001\260\036\337\000n\000g\000\040\000v\000\340\000\040\000m\036\345\000c\000\040\000t\000i\000\352\000u\000\040\000t\000h\036\361\000c\000\040\000n\000g\000h\000i\036\307\000m}{chapter.2}% 26
\BOOKMARK [1][-]{section.2.3}{\376\377\000Q\000u\000y\000\040\000t\000r\000\354\000n\000h}{chapter.2}% 27
\BOOKMARK [1][-]{section.2.4}{\376\377\000C\000h\036\321\000n\000g\000\040\000r\000\362\000\040\000r\036\311\000\040\000t\000h\000\364\000n\000g\000\040\000t\000i\000n}{chapter.2}% 28
\BOOKMARK [1][-]{section.2.5}{\376\377\000T\000\341\000i\000\040\000l\036\255\000p}{chapter.2}% 29
\BOOKMARK [0][-]{chapter.3}{\376\377\000K\000I\036\302\000M\000\040\001\020\036\312\000N\000H\000\040\000T\000\315\000N\000H\000\040\000N\000G\036\252\000U\000\040\000N\000H\000I\000\312\000N}{}% 30
\BOOKMARK [1][-]{section.3.1}{\376\377\000T\000h\000i\036\277\000t\000\040\000k\036\277\000\040\000g\000i\036\243\000\040\000t\000h\000u\000y\036\277\000t\000\040\000v\000\340\000\040\000h\000i\036\307\000u\000\040\000c\000h\036\311\000n\000h\000\040\001\021\000a\000\040\000k\000i\036\303\000m\000\040\001\021\036\313\000n\000h}{chapter.3}% 31
\BOOKMARK [1][-]{section.3.2}{\376\377\000P\000h\000\342\000n\000\040\000p\000h\036\321\000i\000\040\000c\000h\036\357\000\040\000s\036\321\000\040\000v\000\340\000\040\000p\000h\000\342\000n\000\040\000p\000h\036\321\000i\000\040\001\021\000u\000\364\000i\000\040\000s\036\321}{chapter.3}% 32
\BOOKMARK [1][-]{section.3.3}{\376\377\001\020\036\331\000c\000\040\000l\036\255\000p\000\040\000g\000i\036\357\000a\000\040\000c\000\341\000c\000\040\000v\036\313\000\040\000t\000r\000\355}{chapter.3}% 33
\BOOKMARK [1][-]{section.3.4}{\376\377\000P\000h\036\345\000\040\000t\000h\000u\036\331\000c\000\040\000M\000a\000r\000k\000o\000v\000\040\000v\000\340\000\040\000p\000h\036\345\000\040\000t\000h\000u\036\331\000c\000\040\000t\000h\000e\000o\000\040\001\021\036\331\000\040\000t\000r\036\305}{chapter.3}% 34
\BOOKMARK [1][-]{section.3.5}{\376\377\036\324\000n\000\040\001\021\036\313\000n\000h\000\040\000t\000h\000e\000o\000\040\000t\000h\036\335\000i\000\040\000g\000i\000a\000n\000\040\000v\000\340\000\040\000t\000r\000\372\000n\000g\000\040\001\021\036\323\000n\000g\000\040\000t\000h\036\335\000i}{chapter.3}% 35
\BOOKMARK [1][-]{section.3.6}{\376\377\000K\036\277\000t\000\040\000l\000u\036\255\000n\000\040\000P\0001}{chapter.3}% 36
\BOOKMARK [0][-]{chapter.4}{\376\377\000M\000\324\000\040\000H\000\314\000N\000H\000\040\000D\036\360\000\040\000B\000\301\000O\000\040\000C\000H\036\356\000\040\000S\036\320}{}% 37
\BOOKMARK [1][-]{section.4.1}{\376\377\000B\000i\036\277\000n\000\040\000m\036\345\000c\000\040\000t\000i\000\352\000u\000\040\000v\000\340\000\040\000n\000g\000u\000y\000\352\000n\000\040\000t\036\257\000c\000\040\001\021\000\341\000n\000h\000\040\000g\000i\000\341}{chapter.4}% 38
\BOOKMARK [1][-]{section.4.2}{\376\377\000C\000\341\000c\000\040\000m\000\364\000\040\000h\000\354\000n\000h}{chapter.4}% 39
\BOOKMARK [1][-]{section.4.3}{\376\377\000K\036\277\000t\000\040\000q\000u\036\243\000\040\001\021\036\313\000n\000h\000\040\000l\001\260\036\343\000n\000g}{chapter.4}% 40
\BOOKMARK [1][-]{section.4.4}{\376\377\000D\000i\036\305\000n\000\040\000g\000i\036\243\000i\000\040\000v\000\340\000\040\000g\000i\036\333\000i\000\040\000h\036\241\000n}{chapter.4}% 41
\BOOKMARK [0][-]{chapter.5}{\376\377\000C\000H\000I\036\276\000N\000\040\000L\001\257\036\342\000C\000\040\000V\000\300\000\040\000B\000A\000C\000K\000T\000E\000S\000T}{}% 42
\BOOKMARK [1][-]{section.5.1}{\376\377\000T\000h\000i\036\277\000t\000\040\000k\036\277\000\040\000c\000h\000i\036\277\000n\000\040\000l\001\260\036\343\000c}{chapter.5}% 43
\BOOKMARK [1][-]{section.5.2}{\376\377\000C\000h\000i\000a\000\040\000t\036\255\000p\000\040\000v\000\340\000\040\000c\000h\036\311\000\040\000s\036\321}{chapter.5}% 44
\BOOKMARK [1][-]{section.5.3}{\376\377\000K\036\277\000t\000\040\000q\000u\036\243\000\040\000P\0003}{chapter.5}% 45
\BOOKMARK [1][-]{section.5.4}{\376\377\000C\000h\000i\036\277\000n\000\040\000l\001\260\036\343\000c\000\040\000g\000i\036\243\000i\000\040\000B\036\243\000y\000\040\000t\000h\000e\000o\000\040\000m}{chapter.5}% 46
\BOOKMARK [1][-]{section.5.5}{\376\377\000D\000i\036\305\000n\000\040\000g\000i\036\243\000i}{chapter.5}% 47
\BOOKMARK [1][-]{section.5.6}{\376\377\000T\000h\000\355\000\040\000n\000g\000h\000i\036\307\000m\000\040\000r\000o\000l\000l\000i\000n\000g\000\040\000n\001\003\000m\000\040\000n\001\003\000m\000\040\001\021\036\321\000i\000\040\000v\036\333\000i\000\040\000g\000i\036\243\000i\000\040\001\020\036\267\000c\000\040\000b\000i\036\307\000t}{chapter.5}% 48
\BOOKMARK [2][-]{subsection.5.6.1}{\376\377\000M\036\345\000c\000\040\000t\000i\000\352\000u\000\040\000v\000\340\000\040\000g\000i\000a\000o\000\040\000t\000h\036\351\000c}{section.5.6}% 49
\BOOKMARK [2][-]{subsection.5.6.2}{\376\377\000K\036\277\000t\000\040\000q\000u\036\243\000\040\000t\000h\036\335\000i\000\040\000g\000i\000a\000n\000\040\000c\000h\036\335}{section.5.6}% 50
\BOOKMARK [2][-]{subsection.5.6.3}{\376\377\000H\000\340\000m\000\040\000\375\000\040\001\021\036\321\000i\000\040\000v\036\333\000i\000\040\000c\000h\000i\036\277\000n\000\040\000t\000h\000u\036\255\000t\000\040\001\021\036\247\000u\000\040\000t\001\260}{section.5.6}% 51
\BOOKMARK [0][-]{chapter.6}{\376\377\000K\036\276\000T\000\040\000Q\000U\036\242\000\040\000T\036\324\000N\000G\000\040\000H\036\342\000P\000\040\000V\000\300\000\040\000T\000H\036\242\000O\000\040\000L\000U\036\254\000N}{}% 52
\BOOKMARK [1][-]{section.6.1}{\376\377\000T\036\353\000\040\000k\000i\036\303\000m\000\040\001\021\036\313\000n\000h\000\040\001\021\036\277\000n\000\040\000d\036\361\000\040\000b\000\341\000o}{chapter.6}% 53
\BOOKMARK [1][-]{section.6.2}{\376\377\000S\000o\000\040\000s\000\341\000n\000h\000\040\000m\000\364\000\040\000h\000\354\000n\000h}{chapter.6}% 54
\BOOKMARK [1][-]{section.6.3}{\376\377\000\335\000\040\000n\000g\000h\001\051\000a\000\040\000t\000h\036\361\000c\000\040\000t\000i\036\305\000n}{chapter.6}% 55
\BOOKMARK [1][-]{section.6.4}{\376\377\000G\000i\036\243\000i\000\040\001\020\036\267\000c\000\040\000b\000i\036\307\000t\000\040\000v\000\340\000\040\000c\000h\000u\000y\036\303\000n\000\040\000h\001\260\036\333\000n\000g\000\040\000s\000a\000n\000g\000\040\000b\000\340\000i\000\040\000t\000o\000\341\000n\000\040\001\021\036\247\000u\000\040\000t\001\260}{chapter.6}% 56
\BOOKMARK [1][-]{section.6.5}{\376\377\000H\036\241\000n\000\040\000c\000h\036\277}{chapter.6}% 57
\BOOKMARK [0][-]{chapter.7}{\376\377\000K\036\276\000T\000\040\000L\000U\036\254\000N}{}% 58
\BOOKMARK [0][-]{chapter*.30}{\376\377\000T\000\300\000I\000\040\000L\000I\036\306\000U\000\040\000T\000H\000A\000M\000\040\000K\000H\036\242\000O}{}% 59
